Practica_2/avocado_clean.csv
Date,AveragePrice,Total Volume,4046,4225,Total Bags,Small Bags,type,region
2015-12-27,0.87,162993.77,2633.37,100444.22,50369.3,14050.64,conventional,CincinnatiDayton
2015-12-20,0.85,175425.57,2732.05,108930.75,56245.76,12118.45,conventional,CincinnatiDayton
2015-12-13,0.79,207386.27,3802.6,123544.78,75464.86,15835.2,conventional,CincinnatiDayton
2015-12-06,0.83,207513.04,2914.81,129978.67,59144.0,13539.21,conventional,CincinnatiDayton
2015-11-29,0.88,141356.34,2399.32,94093.55,38977.9,12785.15,conventional,CincinnatiDayton
2015-11-22,0.89,174892.99,2565.81,115591.25,47140.21,13804.56,conventional,CincinnatiDayton
2015-11-15,0.88,193723.22,2680.0,129291.79,56845.8,15733.89,conventional,CincinnatiDayton
2015-10-25,1.01,203681.71,2264.65,132625.92,59603.9,12423.07,conventional,CincinnatiDayton
2015-10-18,0.98,186044.56,2297.3,131737.84,43077.8,17414.57,conventional,CincinnatiDayton
2015-09-27,1.08,202012.62,2220.62,138937.95,49128.68,12344.28,conventional,CincinnatiDayton
2015-09-20,1.05,210445.12,3127.8,139042.8,47094.76,12353.22,conventional,CincinnatiDayton
2015-09-13,1.05,216548.9,2195.13,139863.58,56180.0,17271.72,conventional,CincinnatiDayton
2015-07-26,1.03,216611.18,2474.11,139527.28,68917.85,24769.87,conventional,CincinnatiDayton
2015-04-26,1.06,214469.51,8217.17,138764.19,60583.96,21522.31,conventional,CincinnatiDayton
2015-04-12,1.02,188937.83,11176.67,120830.33,55624.64,38219.34,conventional,CincinnatiDayton
2015-04-05,1.06,196168.6,7516.57,135093.59,51050.29,36567.48,conventional,CincinnatiDayton
2015-03-29,0.95,198365.16,3014.53,122178.0,70724.27,46587.15,conventional,CincinnatiDayton
2015-03-22,0.98,212719.94,2968.26,137560.99,48822.51,11317.29,conventional,CincinnatiDayton
2015-03-15,0.94,196008.57,3550.62,131234.14,57836.43,19570.41,conventional,CincinnatiDayton
2015-02-22,0.93,183072.02,4431.56,134258.95,41141.35,18685.14,conventional,CincinnatiDayton
2015-02-15,0.94,169950.37,4399.26,122866.03,39617.86,21356.07,conventional,CincinnatiDayton
2015-02-08,0.93,186617.2,4246.12,140926.77,37258.67,17773.67,conventional,CincinnatiDayton
2015-01-18,0.93,175681.09,3333.29,128858.15,42403.04,24024.17,conventional,CincinnatiDayton
2016-11-27,1.09,183176.26,1811.14,75977.47,104697.6,19930.04,conventional,CincinnatiDayton
2016-04-17,0.93,228211.44,3369.9,141000.09,58377.15,16055.57,conventional,CincinnatiDayton
2016-04-10,0.89,210309.77,4234.86,125252.7,71862.08,21423.87,conventional,CincinnatiDayton
2016-04-03,0.89,191169.34,3481.07,109917.36,66924.01,13780.66,conventional,CincinnatiDayton
2016-03-27,0.9,225485.9,3097.47,131467.29,74729.97,18832.18,conventional,CincinnatiDayton
2016-03-20,0.9,224942.74,3139.27,132074.69,73298.71,18928.9,conventional,CincinnatiDayton
2016-03-13,0.88,210904.76,3172.25,126850.83,73399.04,19111.28,conventional,CincinnatiDayton
2016-03-06,0.85,234512.25,3704.39,129150.5,77342.64,17632.22,conventional,CincinnatiDayton
2016-02-28,0.87,227593.54,4252.39,129161.49,77972.58,18382.22,conventional,CincinnatiDayton
2016-02-21,0.86,190349.58,3480.46,117328.79,63988.52,17167.72,conventional,CincinnatiDayton
2016-01-31,0.94,203005.7,3261.74,133276.52,53550.02,16807.25,conventional,CincinnatiDayton
2017-12-24,1.36,159238.4,34443.54,41602.51,62632.42,48089.04,conventional,CincinnatiDayton
2017-12-17,1.3,169219.79,21459.6,53838.76,83964.94,57656.39,conventional,CincinnatiDayton
2017-11-26,1.23,165103.0,3566.0,62154.0,98908.0,15934.0,conventional,CincinnatiDayton
2017-09-24,1.79,182714.75,4560.35,68227.85,109312.27,22411.54,conventional,CincinnatiDayton
2017-09-17,1.79,184434.69,4223.33,69168.18,110332.0,25990.15,conventional,CincinnatiDayton
2015-12-27,1.08,255499.7,83097.26,50545.78,62067.48,48936.21,conventional,Detroit
2015-12-20,1.1,250436.24,110507.5,42663.06,51805.83,40496.17,conventional,Detroit
2015-12-13,1.05,275587.85,132206.07,38088.87,57504.44,48318.35,conventional,Detroit
2015-12-06,0.98,339797.19,92957.56,78805.63,54242.79,30612.06,conventional,Detroit
2015-11-29,1.11,228427.08,84236.03,38244.11,42282.8,31628.56,conventional,Detroit
2015-11-22,1.09,270529.34,95526.76,55945.23,55653.33,47388.76,conventional,Detroit
2015-11-08,1.03,343645.67,103367.05,72647.24,53703.17,30614.89,conventional,Detroit
2015-11-01,1.04,340746.59,112432.15,67252.29,56532.65,35176.99,conventional,Detroit
2015-10-25,1.17,251336.74,84318.99,49927.69,42762.15,30131.74,conventional,Detroit
2015-10-18,0.97,358143.26,117479.44,97788.02,70322.58,63143.78,conventional,Detroit
2015-10-04,1.1,286400.89,81617.68,60336.35,54175.41,40779.28,conventional,Detroit
2015-09-27,1.17,257472.31,88573.56,43702.48,46419.67,33816.62,conventional,Detroit
2015-09-20,1.0,373545.23,129945.11,71335.62,60966.23,38180.88,conventional,Detroit
2015-09-06,1.09,336982.39,143927.73,51351.12,61933.21,49676.97,conventional,Detroit
2015-08-23,1.11,267968.5,114208.75,36663.35,55181.73,45741.01,conventional,Detroit
2015-08-16,0.97,400251.59,113822.13,86783.96,74575.51,53326.63,conventional,Detroit
2015-08-09,1.07,341289.98,136799.68,56896.42,67447.96,54938.34,conventional,Detroit
2015-07-19,1.04,370830.93,125844.19,66223.96,73481.26,61402.16,conventional,Detroit
2015-03-22,0.97,455372.43,138397.72,109057.9,63171.07,44419.39,conventional,Detroit
2015-03-15,1.13,254974.87,107980.24,31613.46,67078.32,62158.56,conventional,Detroit
2015-03-01,0.97,397899.56,97605.68,101935.17,69072.83,50732.68,conventional,Detroit
2015-02-08,1.11,268195.87,129910.26,35996.84,61772.96,57777.05,conventional,Detroit
2015-01-11,1.08,332165.05,108378.69,90104.73,56696.63,48639.13,conventional,Detroit
2015-01-04,1.01,369694.27,121634.27,117865.11,56132.13,46679.86,conventional,Detroit
2016-02-28,1.13,342465.19,82100.44,66020.0,86048.5,49708.39,conventional,Detroit
2016-02-21,1.2,247820.38,76211.84,42300.46,66464.82,47259.62,conventional,Detroit
2016-02-14,1.0,334544.52,129795.42,51191.64,82526.97,60254.29,conventional,Detroit
2016-01-31,1.04,364612.83,131406.58,59678.32,77229.01,49335.73,conventional,Detroit
2016-01-10,1.1,325997.55,133286.56,49832.73,69451.19,57082.27,conventional,Detroit
2015-12-27,0.83,292707.14,135799.94,93317.46,58612.1,34675.97,conventional,LasVegas
2015-12-20,0.96,232294.71,96355.05,77086.11,54103.94,34992.96,conventional,LasVegas
2015-12-13,0.95,216119.35,101042.61,68490.51,41643.52,33834.13,conventional,LasVegas
2015-12-06,0.89,244024.83,94777.64,107758.8,30694.05,30201.26,conventional,LasVegas
2015-11-29,0.95,205476.61,88653.67,81160.21,30435.14,29475.24,conventional,LasVegas
2015-11-22,0.98,215985.17,87241.86,91574.86,33241.61,31653.96,conventional,LasVegas
2015-11-15,0.95,247795.44,100856.23,106817.36,35507.27,33636.41,conventional,LasVegas
2015-11-08,0.92,237248.22,119810.22,74648.59,37333.35,36573.68,conventional,LasVegas
2015-11-01,0.99,230414.44,87202.7,94900.43,35398.62,34277.25,conventional,LasVegas
2015-10-25,0.98,245167.14,79873.47,115618.11,35458.53,33684.23,conventional,LasVegas
2015-10-18,0.91,279364.03,108979.09,126743.26,38960.02,37274.27,conventional,LasVegas
2015-09-06,1.02,311124.27,123361.73,128141.12,52471.92,38692.25,conventional,LasVegas
2015-08-30,1.09,284309.17,114660.27,124423.82,38266.54,37518.56,conventional,LasVegas
2015-08-23,1.06,261084.13,131414.8,84541.6,40566.09,38541.74,conventional,LasVegas
2015-08-16,0.96,314774.36,110442.18,136169.01,60363.91,48127.04,conventional,LasVegas
2015-08-02,1.09,272441.01,137413.89,79606.69,49169.44,38914.95,conventional,LasVegas
2015-07-26,1.06,272267.5,137702.81,75823.92,50085.95,41514.45,conventional,LasVegas
2015-07-19,1.03,269642.38,131325.7,78566.88,54738.47,44134.02,conventional,LasVegas
2015-07-12,1.02,277827.44,136319.06,83225.67,53258.63,41822.44,conventional,LasVegas
2015-07-05,1.05,332735.24,147937.64,100709.15,77806.86,63540.12,conventional,LasVegas
2015-06-28,1.01,293408.89,138921.52,86492.67,63660.06,52651.46,conventional,LasVegas
2015-06-21,0.9,338638.8,128876.23,126683.91,78859.33,58695.06,conventional,LasVegas
2015-06-07,1.02,335693.08,146782.32,112611.12,71065.39,47209.35,conventional,LasVegas
2015-05-31,1.03,285741.48,134269.07,84841.82,58376.6,41385.11,conventional,LasVegas
2015-05-17,0.95,279843.22,144311.49,84178.93,47743.43,34337.21,conventional,LasVegas
2015-05-10,0.98,325085.14,148053.33,117101.65,55663.97,36501.34,conventional,LasVegas
2015-04-26,0.88,334718.74,133307.7,132942.52,63436.41,39250.19,conventional,LasVegas
2015-03-15,1.07,261650.41,112120.65,108345.08,35286.92,34915.51,conventional,LasVegas
2015-03-08,1.01,291046.81,114868.1,132275.9,38563.47,38263.99,conventional,LasVegas
2015-02-22,1.16,242732.32,98669.04,103066.3,36265.13,36112.87,conventional,LasVegas
2015-02-15,1.12,255465.26,101363.74,111729.04,38503.26,38196.57,conventional,LasVegas
2015-01-25,1.06,249509.99,114584.67,98937.17,32113.37,31833.66,conventional,LasVegas
2015-01-18,1.06,233186.09,100191.96,94930.69,33175.55,32897.59,conventional,LasVegas
2015-01-11,0.93,274481.48,126092.05,101653.19,37144.36,36874.44,conventional,LasVegas
2015-01-04,0.8,317861.35,134003.07,120628.37,58638.68,58126.59,conventional,LasVegas
2016-11-27,0.86,255656.46,104641.27,41992.71,104165.11,44172.65,conventional,LasVegas
2016-11-20,1.12,237141.08,94282.84,29776.1,107473.92,54759.06,conventional,LasVegas
2016-11-13,1.1,259546.55,114475.73,32698.74,105689.08,51797.1,conventional,LasVegas
2016-11-06,1.2,225301.45,84137.66,29997.69,102969.69,52182.56,conventional,LasVegas
2016-10-30,1.16,223089.05,79018.69,31778.97,105133.7,42630.66,conventional,LasVegas
2016-10-02,1.22,246512.99,93430.04,45096.89,102109.38,58716.07,conventional,LasVegas
2016-09-25,1.2,242299.74,98373.06,44921.8,93098.13,51564.99,conventional,LasVegas
2016-09-18,1.12,278479.43,117939.47,57221.4,97999.81,38957.13,conventional,LasVegas
2016-08-28,1.03,288423.36,123739.64,56927.33,101564.24,55035.02,conventional,LasVegas
2016-08-21,1.0,302708.43,141809.13,50486.5,104576.72,60675.79,conventional,LasVegas
2016-08-14,1.08,295535.64,129727.7,53954.55,104855.59,63416.1,conventional,LasVegas
2016-08-07,1.11,311533.3,144862.85,57549.16,102058.28,64258.99,conventional,LasVegas
2016-07-31,1.17,284566.03,125462.8,54745.0,97037.84,59985.62,conventional,LasVegas
2016-06-12,0.94,348022.24,146589.28,75379.07,107911.98,62277.55,conventional,LasVegas
2016-05-22,0.93,318913.34,122331.83,89286.71,92121.46,37169.82,conventional,LasVegas
2016-05-15,0.86,317621.52,131370.13,107124.85,77658.28,41031.25,conventional,LasVegas
2016-04-24,0.83,359872.46,125412.66,120811.35,105547.31,45051.61,conventional,LasVegas
2016-03-20,0.82,332283.27,127949.65,116701.74,73999.71,36410.06,conventional,LasVegas
2016-03-13,0.79,344613.01,130879.58,109512.41,97396.92,41534.49,conventional,LasVegas
2016-03-06,0.91,311402.83,139919.03,86200.19,78473.92,51367.6,conventional,LasVegas
2016-02-28,0.86,316563.55,122523.18,98920.9,80667.2,43897.31,conventional,LasVegas
2016-02-21,0.83,337403.05,121214.86,124295.71,85444.54,40526.02,conventional,LasVegas
2016-02-14,0.79,371467.52,144507.48,110749.56,108879.52,47967.47,conventional,LasVegas
2016-01-31,0.92,285052.11,117236.18,87109.87,66196.35,48986.42,conventional,LasVegas
2016-01-24,1.08,158978.46,9727.38,81835.15,61274.54,44326.23,conventional,LasVegas
2016-01-17,0.88,289298.37,108072.15,98543.78,70185.24,42600.76,conventional,LasVegas
2016-01-10,0.83,309217.44,118958.86,110549.87,73575.08,40601.67,conventional,LasVegas
2016-01-03,0.8,332971.8,103710.64,138142.95,75612.72,36619.05,conventional,LasVegas
2017-12-24,1.24,234520.01,63831.1,66599.45,97856.85,60969.97,conventional,LasVegas
2017-12-17,1.03,267987.97,62937.38,102137.37,98958.11,63479.54,conventional,LasVegas
2017-11-26,1.16,205033.0,52245.0,75503.0,72969.0,45659.0,conventional,LasVegas
2017-11-19,1.13,234265.0,60519.0,77336.0,91022.0,47255.0,conventional,LasVegas
2017-10-29,1.29,243340.4,56224.61,94603.45,88997.34,41859.63,conventional,LasVegas
2017-10-22,1.37,204094.51,61741.1,74165.15,67506.12,46482.24,conventional,LasVegas
2017-10-15,1.45,202735.87,57479.41,76990.78,68205.04,44183.98,conventional,LasVegas
2017-10-08,1.64,195455.06,62574.22,60756.44,72048.55,47487.79,conventional,LasVegas
2017-10-01,1.61,189529.26,58261.77,67847.94,63356.7,43605.94,conventional,LasVegas
2017-09-24,1.61,192284.92,59560.0,62383.75,70274.94,42658.17,conventional,LasVegas
2017-09-17,1.58,201028.75,64271.49,63852.15,72795.8,45361.66,conventional,LasVegas
2017-09-10,1.49,215393.25,116267.62,26602.41,66525.97,43187.87,conventional,LasVegas
2017-09-03,1.53,204091.69,95445.95,29557.08,72880.09,45086.5,conventional,LasVegas
2017-08-27,1.48,203947.9,107288.21,26219.44,63892.03,39816.3,conventional,LasVegas
2017-08-20,1.26,261684.23,109201.66,44715.5,100424.6,34087.48,conventional,LasVegas
2017-08-06,1.3,283779.47,114985.35,53059.42,108608.3,49026.33,conventional,LasVegas
2017-07-16,1.22,299858.79,131681.44,54114.55,107719.6,36179.33,conventional,LasVegas
2015-12-20,1.21,200074.81,131152.6,15794.56,53005.58,36258.03,conventional,Orlando
2015-12-06,1.2,199063.82,135222.96,21555.66,42163.27,24098.62,conventional,Orlando
2015-11-15,1.24,200715.34,129533.08,20681.56,50391.31,27742.9,conventional,Orlando
2015-11-08,1.24,202954.88,132375.83,21007.3,49479.56,31369.94,conventional,Orlando
2015-10-25,1.25,210265.79,138110.06,24182.08,47882.36,29737.38,conventional,Orlando
2015-10-18,1.24,204526.46,131126.38,24094.4,49234.66,32915.51,conventional,Orlando
2015-09-27,1.28,202457.31,114107.06,41995.26,46212.68,29149.95,conventional,Orlando
2015-09-13,1.23,221548.25,113374.88,51291.97,56837.79,37653.91,conventional,Orlando
2015-08-30,1.25,238269.85,123335.43,51487.73,63273.58,44694.9,conventional,Orlando
2015-08-23,1.21,228926.1,113657.5,51869.47,63317.35,47516.81,conventional,Orlando
2015-08-16,1.23,240185.69,128769.54,46941.6,64382.93,45260.21,conventional,Orlando
2015-08-02,1.24,240821.52,130990.19,49482.92,60259.72,43472.9,conventional,Orlando
2015-07-26,1.22,239841.95,128204.96,51179.38,60386.34,44878.7,conventional,Orlando
2015-07-12,1.22,245528.89,133073.61,53986.68,58395.25,41732.15,conventional,Orlando
2015-06-28,1.15,277853.94,144510.58,52467.4,80757.08,62186.73,conventional,Orlando
2015-06-14,1.22,256149.75,141946.09,36946.34,75173.5,56501.85,conventional,Orlando
2015-02-15,1.26,204812.28,139189.15,21210.42,44375.38,20733.73,conventional,Orlando
2015-02-08,1.23,204396.56,137587.02,24318.2,42392.17,18229.35,conventional,Orlando
2015-01-25,1.28,211991.09,133616.3,29418.39,48864.81,22591.61,conventional,Orlando
2015-01-18,1.33,191078.37,112722.12,34703.28,43569.17,18914.84,conventional,Orlando
2015-01-11,1.29,202034.59,119336.02,39236.11,43410.02,18762.45,conventional,Orlando
2016-11-27,1.46,221373.99,76751.6,48667.43,95833.85,44616.34,conventional,Orlando
2016-11-20,1.46,239374.44,83653.63,50316.02,105313.34,49247.51,conventional,Orlando
2016-11-13,1.4,250639.48,97337.14,50337.98,102797.21,48419.58,conventional,Orlando
2016-11-06,1.47,236696.6,93321.05,53545.04,89681.46,34250.33,conventional,Orlando
2016-10-30,1.54,223224.74,82399.26,52975.5,87706.1,30132.88,conventional,Orlando
2016-10-23,1.52,236500.42,83780.57,68746.38,83838.72,28494.95,conventional,Orlando
2016-10-09,1.44,267399.38,91531.9,81061.05,94677.0,39055.39,conventional,Orlando
2016-08-07,1.23,327167.52,143759.32,84662.03,98631.44,52784.9,conventional,Orlando
2016-07-31,1.24,320002.63,137791.44,80412.78,101707.51,59130.82,conventional,Orlando
2016-07-24,1.22,336366.84,145903.25,92078.03,98243.53,53516.79,conventional,Orlando
2016-06-12,1.24,293811.97,143222.68,64910.71,85536.57,44014.87,conventional,Orlando
2016-03-20,1.09,291755.18,136450.8,56331.07,98884.08,39885.63,conventional,Orlando
2016-03-06,1.08,291732.26,142948.4,51358.16,97386.41,46058.69,conventional,Orlando
2016-02-21,1.05,296932.11,145443.75,50580.83,100817.72,42824.92,conventional,Orlando
