Practica_2/avocado_clean.csv
Date,AveragePrice,Total Volume,4046,4225,Total Bags,Small Bags,type,region
2015-12-27,0.98,251443.08,137133.17,48908.4,57249.75,48181.83,conventional,SouthCarolina
2015-12-20,1.04,211066.05,115402.34,39931.51,49487.98,44628.73,conventional,SouthCarolina
2015-12-06,1.03,233274.4,130410.85,47118.94,46316.9,40092.42,conventional,SouthCarolina
2015-11-29,0.97,217965.37,125440.43,42269.54,42801.07,33356.89,conventional,SouthCarolina
2015-11-22,0.99,216767.98,123208.85,42099.26,43345.68,34239.23,conventional,SouthCarolina
2015-11-15,1.07,224373.12,116059.4,61600.25,35143.6,29409.04,conventional,SouthCarolina
2015-11-08,1.08,221080.11,118352.11,47266.75,39718.69,34385.71,conventional,SouthCarolina
2015-11-01,1.0,280886.82,143163.13,59937.59,58741.07,44763.47,conventional,SouthCarolina
2015-10-25,1.11,223607.39,107103.78,46792.32,52518.8,43924.89,conventional,SouthCarolina
2015-10-18,1.12,226246.39,105221.4,55038.8,49369.29,40996.42,conventional,SouthCarolina
2015-10-11,1.03,267962.33,121966.0,64658.41,61147.52,43009.49,conventional,SouthCarolina
2015-10-04,1.04,267919.95,123692.52,70671.2,58649.87,38750.39,conventional,SouthCarolina
2015-09-27,1.08,253422.99,111054.81,72273.16,51329.38,42223.65,conventional,SouthCarolina
2015-09-20,1.02,312177.28,148633.9,77644.18,71477.38,49597.26,conventional,SouthCarolina
2015-09-13,1.14,269754.97,124781.45,61067.3,69966.5,55240.3,conventional,SouthCarolina
2016-12-18,1.07,269690.96,103487.49,56975.33,106676.83,62581.88,conventional,SouthCarolina
2016-12-11,1.2,243555.26,106629.29,42052.22,92309.82,60969.76,conventional,SouthCarolina
2016-11-13,1.41,255288.43,127839.06,40770.91,78418.87,42376.82,conventional,SouthCarolina
2016-11-06,1.5,222378.08,97077.73,42624.62,73311.98,39593.75,conventional,SouthCarolina
2016-10-30,1.43,227993.9,99127.2,45338.87,74431.4,40257.91,conventional,SouthCarolina
2016-10-23,1.4,260446.46,128648.8,52740.63,72307.57,42484.87,conventional,SouthCarolina
2016-10-16,1.3,281240.11,117958.34,64027.95,93141.93,49717.85,conventional,SouthCarolina
2016-10-09,1.32,262764.71,109192.13,56453.75,92882.93,57335.43,conventional,SouthCarolina
2016-10-02,1.3,301001.94,128824.7,66171.5,98802.13,63691.6,conventional,SouthCarolina
2016-05-22,1.04,343576.29,135034.4,98568.31,103063.88,59371.64,conventional,SouthCarolina
2016-03-27,1.07,315023.95,136387.5,91995.56,79309.57,61407.01,conventional,SouthCarolina
2016-02-21,1.04,302654.13,145774.22,82586.6,66931.59,49804.83,conventional,SouthCarolina
2016-01-24,0.95,317032.31,145616.86,92970.97,68767.8,43452.47,conventional,SouthCarolina
2017-10-22,1.57,275350.6,130878.22,56508.94,85663.82,63298.32,conventional,SouthCarolina
2017-10-15,1.69,275807.02,125345.26,60281.11,88344.39,62685.34,conventional,SouthCarolina
2017-10-01,1.64,296183.33,135045.88,74889.77,84673.11,61373.43,conventional,SouthCarolina
2017-09-24,1.57,300285.1,147297.51,66856.69,84600.65,61065.57,conventional,SouthCarolina
2015-12-20,1.15,238950.84,146376.83,23810.77,68729.4,50715.84,conventional,Tampa
2015-12-06,1.17,227131.21,145404.19,29926.02,51757.17,33251.65,conventional,Tampa
2015-11-15,1.22,236178.67,138482.7,32425.9,65218.55,43524.24,conventional,Tampa
2015-11-08,1.21,228585.31,135741.88,33351.68,59451.29,40754.56,conventional,Tampa
2015-10-25,1.12,234023.9,109048.96,51940.14,72991.62,35990.35,conventional,Tampa
2015-10-18,1.11,256610.0,112096.12,54378.07,90093.59,49373.24,conventional,Tampa
2015-09-27,1.13,252128.43,99077.59,70565.14,82385.73,42717.37,conventional,Tampa
2015-09-13,1.1,257374.81,97653.71,69978.38,89640.66,50111.01,conventional,Tampa
2015-08-30,1.2,262575.33,126060.57,53665.74,82699.9,64691.49,conventional,Tampa
2015-01-18,1.27,228920.62,132142.6,33674.07,63066.57,25006.34,conventional,Tampa
2015-01-11,1.24,235231.08,142237.71,36017.93,56919.19,19605.39,conventional,Tampa
2016-11-27,1.45,265590.66,92933.81,61345.38,111269.76,52267.61,conventional,Tampa
2016-11-06,1.46,284328.38,110779.29,67753.78,105649.67,43844.85,conventional,Tampa
2016-10-30,1.52,265332.11,93166.48,68007.5,104007.93,42732.14,conventional,Tampa
2016-10-23,1.53,281815.95,91272.27,92612.09,97801.38,35310.45,conventional,Tampa
2016-06-12,1.23,311068.54,136835.25,76895.26,97287.73,57317.02,conventional,Tampa
2016-03-20,1.1,326332.48,148381.21,69085.96,108808.62,52243.64,conventional,Tampa
2016-02-21,1.05,321995.93,146660.22,67636.88,107623.12,55694.57,conventional,Tampa
